---
source: spec/src/ksvc/ksvc_api.rs
expression: api
---
Api {
    request: Request {
        url_path: "/apis/serving.knative.dev/v1/namespaces/default/services",
    },
    client: "...",
    namespace: Some(
        "default",
    ),
}
