---
source: spec/src/ksvc/ksvc.rs
expression: spec
---
KnativeSpec {
    group: "serving.knative.dev",
    version: "v1",
    kind: "Service",
    container_name: "my-coder",
    svc_image: "hzgood/my-coder",
    port: "8080",
    env: "[{\"name\":\"TZ\",\"value\":\"Asia/Shanghai\"},{\"name\":\"PASSWORD\",\"value\":\"password\"}]",
}
