---
source: spec/src/ksvc/ksvc.rs
expression: ksvc
---
DynamicObject {
    types: Some(
        TypeMeta {
            api_version: "serving.knative.dev/v1",
            kind: "Service",
        },
    ),
    metadata: ObjectMeta {
        annotations: None,
        cluster_name: None,
        creation_timestamp: None,
        deletion_grace_period_seconds: None,
        deletion_timestamp: None,
        finalizers: None,
        generate_name: None,
        generation: None,
        labels: None,
        managed_fields: None,
        name: Some(
            "my-coder",
        ),
        namespace: None,
        owner_references: None,
        resource_version: None,
        self_link: None,
        uid: None,
    },
    data: Object({
        "spec": Object({
            "template": Object({
                "spec": Object({
                    "containers": Array([
                        Object({
                            "ports": Array([
                                Object({
                                    "containerPort": Number(
                                        8080,
                                    ),
                                }),
                            ]),
                            "image": String(
                                "hzgood/my-coder",
                            ),
                            "env": Array([
                                Object({
                                    "name": String(
                                        "TZ",
                                    ),
                                    "value": String(
                                        "Asia/Shanghai",
                                    ),
                                }),
                                Object({
                                    "name": String(
                                        "PASSWORD",
                                    ),
                                    "value": String(
                                        "password",
                                    ),
                                }),
                            ]),
                        }),
                    ]),
                }),
            }),
        }),
    }),
}
