---
source: spec/src/gvk/gvk_spec.rs
expression: gvk
---
GVKSpec {
    group: "serving.knative.dev",
    version: "v1",
    kind: "Service",
}
