---
source: spec/src/gvk/api.rs
assertion_line: 101
expression: api
---
Api {
    request: Request {
        url_path: "/apis/serving.knative.dev/v1/namespaces/default/services",
    },
    client: "...",
    namespace: Some(
        "default",
    ),
}
